// Jest Snapshot v1, https://goo.gl/fbAQLP

exports[`TeamList Component should render correctly 1`] = `<Fragment />`;
